------------------------------------------------------------
Timing Analyzer Summary
------------------------------------------------------------

Type  : Slow 1100mV 85C Model Setup 'clk'
Slack : -5.664
TNS   : -1184.194

Type  : Slow 1100mV 85C Model Hold 'clk'
Slack : 0.378
TNS   : 0.000

Type  : Slow 1100mV 85C Model Minimum Pulse Width 'clk'
Slack : -0.394
TNS   : -213.813

Type  : Slow 1100mV 0C Model Setup 'clk'
Slack : -5.513
TNS   : -1154.561

Type  : Slow 1100mV 0C Model Hold 'clk'
Slack : 0.347
TNS   : 0.000

Type  : Slow 1100mV 0C Model Minimum Pulse Width 'clk'
Slack : -0.394
TNS   : -196.710

Type  : Fast 1100mV 85C Model Setup 'clk'
Slack : -3.059
TNS   : -596.263

Type  : Fast 1100mV 85C Model Hold 'clk'
Slack : 0.200
TNS   : 0.000

Type  : Fast 1100mV 85C Model Minimum Pulse Width 'clk'
Slack : -0.345
TNS   : -103.571

Type  : Fast 1100mV 0C Model Setup 'clk'
Slack : -2.679
TNS   : -515.507

Type  : Fast 1100mV 0C Model Hold 'clk'
Slack : 0.189
TNS   : 0.000

Type  : Fast 1100mV 0C Model Minimum Pulse Width 'clk'
Slack : -0.323
TNS   : -97.199

------------------------------------------------------------
