------------------------------------------------------------
Timing Analyzer Summary
------------------------------------------------------------

Type  : Slow 1100mV 85C Model Setup 'clk'
Slack : -5.578
TNS   : -2258.342

Type  : Slow 1100mV 85C Model Hold 'clk'
Slack : 0.378
TNS   : 0.000

Type  : Slow 1100mV 85C Model Minimum Pulse Width 'clk'
Slack : -0.394
TNS   : -383.968

Type  : Slow 1100mV 0C Model Setup 'clk'
Slack : -5.499
TNS   : -2200.370

Type  : Slow 1100mV 0C Model Hold 'clk'
Slack : 0.377
TNS   : 0.000

Type  : Slow 1100mV 0C Model Minimum Pulse Width 'clk'
Slack : -0.394
TNS   : -352.417

Type  : Fast 1100mV 85C Model Setup 'clk'
Slack : -2.951
TNS   : -1135.231

Type  : Fast 1100mV 85C Model Hold 'clk'
Slack : 0.202
TNS   : 0.000

Type  : Fast 1100mV 85C Model Minimum Pulse Width 'clk'
Slack : -0.344
TNS   : -185.773

Type  : Fast 1100mV 0C Model Setup 'clk'
Slack : -2.574
TNS   : -982.764

Type  : Fast 1100mV 0C Model Hold 'clk'
Slack : 0.190
TNS   : 0.000

Type  : Fast 1100mV 0C Model Minimum Pulse Width 'clk'
Slack : -0.324
TNS   : -174.536

------------------------------------------------------------
