Analysis & Synthesis report for Try
Fri May  3 00:46:43 2024
Quartus Prime Version 23.1std.0 Build 991 11/28/2023 SC Lite Edition


---------------------
; Table of Contents ;
---------------------
  1. Legal Notice
  2. Analysis & Synthesis Summary
  3. Analysis & Synthesis Settings
  4. Parallel Compilation
  5. Analysis & Synthesis Source Files Read
  6. Analysis & Synthesis Resource Usage Summary
  7. Analysis & Synthesis Resource Utilization by Entity
  8. Registers Removed During Synthesis
  9. General Register Statistics
 10. Inverted Register Statistics
 11. Multiplexer Restructuring Statistics (Restructuring Performed)
 12. Parameter Settings for User Entity Instance: KeyExpansion:c
 13. Port Connectivity Checks: "decrypt:a"
 14. Port Connectivity Checks: "KeyExpansion:c"
 15. Post-Synthesis Netlist Statistics for Top Partition
 16. Elapsed Time Per Partition
 17. Analysis & Synthesis Messages
 18. Analysis & Synthesis Suppressed Messages



----------------
; Legal Notice ;
----------------
Copyright (C) 2023  Intel Corporation. All rights reserved.
Your use of Intel Corporation's design tools, logic functions 
and other software and tools, and any partner logic 
functions, and any output files from any of the foregoing 
(including device programming or simulation files), and any 
associated documentation or information are expressly subject 
to the terms and conditions of the Intel Program License 
Subscription Agreement, the Intel Quartus Prime License Agreement,
the Intel FPGA IP License Agreement, or other applicable license
agreement, including, without limitation, that your use is for
the sole purpose of programming logic devices manufactured by
Intel and sold by Intel or its authorized distributors.  Please
refer to the applicable agreement for further details, at
https://fpgasoftware.intel.com/eula.



+----------------------------------------------------------------------------------+
; Analysis & Synthesis Summary                                                     ;
+---------------------------------+------------------------------------------------+
; Analysis & Synthesis Status     ; Successful - Fri May  3 00:46:43 2024          ;
; Quartus Prime Version           ; 23.1std.0 Build 991 11/28/2023 SC Lite Edition ;
; Revision Name                   ; Try                                            ;
; Top-level Entity Name           ; aes                                            ;
; Family                          ; Cyclone V                                      ;
; Logic utilization (in ALMs)     ; N/A                                            ;
; Total registers                 ; 296                                            ;
; Total pins                      ; 25                                             ;
; Total virtual pins              ; 0                                              ;
; Total block memory bits         ; 0                                              ;
; Total DSP Blocks                ; 0                                              ;
; Total HSSI RX PCSs              ; 0                                              ;
; Total HSSI PMA RX Deserializers ; 0                                              ;
; Total HSSI TX PCSs              ; 0                                              ;
; Total HSSI PMA TX Serializers   ; 0                                              ;
; Total PLLs                      ; 0                                              ;
; Total DLLs                      ; 0                                              ;
+---------------------------------+------------------------------------------------+


+---------------------------------------------------------------------------------------------------------------------------+
; Analysis & Synthesis Settings                                                                                             ;
+---------------------------------------------------------------------------------+--------------------+--------------------+
; Option                                                                          ; Setting            ; Default Value      ;
+---------------------------------------------------------------------------------+--------------------+--------------------+
; Device                                                                          ; 5CSEMA5F31C6       ;                    ;
; Top-level entity name                                                           ; aes                ; Try                ;
; Family name                                                                     ; Cyclone V          ; Cyclone V          ;
; Use smart compilation                                                           ; Off                ; Off                ;
; Enable parallel Assembler and Timing Analyzer during compilation                ; On                 ; On                 ;
; Enable compact report table                                                     ; Off                ; Off                ;
; Restructure Multiplexers                                                        ; Auto               ; Auto               ;
; MLAB Add Timing Constraints For Mixed-Port Feed-Through Mode Setting Don't Care ; Off                ; Off                ;
; Create Debugging Nodes for IP Cores                                             ; Off                ; Off                ;
; Preserve fewer node names                                                       ; On                 ; On                 ;
; Intel FPGA IP Evaluation Mode                                                   ; Enable             ; Enable             ;
; Verilog Version                                                                 ; Verilog_2001       ; Verilog_2001       ;
; VHDL Version                                                                    ; VHDL_1993          ; VHDL_1993          ;
; State Machine Processing                                                        ; Auto               ; Auto               ;
; Safe State Machine                                                              ; Off                ; Off                ;
; Extract Verilog State Machines                                                  ; On                 ; On                 ;
; Extract VHDL State Machines                                                     ; On                 ; On                 ;
; Ignore Verilog initial constructs                                               ; Off                ; Off                ;
; Iteration limit for constant Verilog loops                                      ; 5000               ; 5000               ;
; Iteration limit for non-constant Verilog loops                                  ; 250                ; 250                ;
; Add Pass-Through Logic to Inferred RAMs                                         ; On                 ; On                 ;
; Infer RAMs from Raw Logic                                                       ; On                 ; On                 ;
; Parallel Synthesis                                                              ; On                 ; On                 ;
; DSP Block Balancing                                                             ; Auto               ; Auto               ;
; NOT Gate Push-Back                                                              ; On                 ; On                 ;
; Power-Up Don't Care                                                             ; On                 ; On                 ;
; Remove Redundant Logic Cells                                                    ; Off                ; Off                ;
; Remove Duplicate Registers                                                      ; On                 ; On                 ;
; Ignore CARRY Buffers                                                            ; Off                ; Off                ;
; Ignore CASCADE Buffers                                                          ; Off                ; Off                ;
; Ignore GLOBAL Buffers                                                           ; Off                ; Off                ;
; Ignore ROW GLOBAL Buffers                                                       ; Off                ; Off                ;
; Ignore LCELL Buffers                                                            ; Off                ; Off                ;
; Ignore SOFT Buffers                                                             ; On                 ; On                 ;
; Limit AHDL Integers to 32 Bits                                                  ; Off                ; Off                ;
; Optimization Technique                                                          ; Balanced           ; Balanced           ;
; Carry Chain Length                                                              ; 70                 ; 70                 ;
; Auto Carry Chains                                                               ; On                 ; On                 ;
; Auto Open-Drain Pins                                                            ; On                 ; On                 ;
; Perform WYSIWYG Primitive Resynthesis                                           ; Off                ; Off                ;
; Auto ROM Replacement                                                            ; On                 ; On                 ;
; Auto RAM Replacement                                                            ; On                 ; On                 ;
; Auto DSP Block Replacement                                                      ; On                 ; On                 ;
; Auto Shift Register Replacement                                                 ; Auto               ; Auto               ;
; Allow Shift Register Merging across Hierarchies                                 ; Auto               ; Auto               ;
; Auto Clock Enable Replacement                                                   ; On                 ; On                 ;
; Strict RAM Replacement                                                          ; Off                ; Off                ;
; Allow Synchronous Control Signals                                               ; On                 ; On                 ;
; Force Use of Synchronous Clear Signals                                          ; Off                ; Off                ;
; Auto Resource Sharing                                                           ; Off                ; Off                ;
; Allow Any RAM Size For Recognition                                              ; Off                ; Off                ;
; Allow Any ROM Size For Recognition                                              ; Off                ; Off                ;
; Allow Any Shift Register Size For Recognition                                   ; Off                ; Off                ;
; Use LogicLock Constraints during Resource Balancing                             ; On                 ; On                 ;
; Ignore translate_off and synthesis_off directives                               ; Off                ; Off                ;
; Timing-Driven Synthesis                                                         ; On                 ; On                 ;
; Report Parameter Settings                                                       ; On                 ; On                 ;
; Report Source Assignments                                                       ; On                 ; On                 ;
; Report Connectivity Checks                                                      ; On                 ; On                 ;
; Ignore Maximum Fan-Out Assignments                                              ; Off                ; Off                ;
; Synchronization Register Chain Length                                           ; 3                  ; 3                  ;
; Power Optimization During Synthesis                                             ; Normal compilation ; Normal compilation ;
; HDL message level                                                               ; Level2             ; Level2             ;
; Suppress Register Optimization Related Messages                                 ; Off                ; Off                ;
; Number of Removed Registers Reported in Synthesis Report                        ; 5000               ; 5000               ;
; Number of Swept Nodes Reported in Synthesis Report                              ; 5000               ; 5000               ;
; Number of Inverted Registers Reported in Synthesis Report                       ; 100                ; 100                ;
; Clock MUX Protection                                                            ; On                 ; On                 ;
; Auto Gated Clock Conversion                                                     ; Off                ; Off                ;
; Block Design Naming                                                             ; Auto               ; Auto               ;
; SDC constraint protection                                                       ; Off                ; Off                ;
; Synthesis Effort                                                                ; Auto               ; Auto               ;
; Shift Register Replacement - Allow Asynchronous Clear Signal                    ; On                 ; On                 ;
; Pre-Mapping Resynthesis Optimization                                            ; Off                ; Off                ;
; Analysis & Synthesis Message Level                                              ; Medium             ; Medium             ;
; Disable Register Merging Across Hierarchies                                     ; Auto               ; Auto               ;
; Resource Aware Inference For Block RAM                                          ; On                 ; On                 ;
; Automatic Parallel Synthesis                                                    ; On                 ; On                 ;
; Partial Reconfiguration Bitstream ID                                            ; Off                ; Off                ;
+---------------------------------------------------------------------------------+--------------------+--------------------+


+------------------------------------------+
; Parallel Compilation                     ;
+----------------------------+-------------+
; Processors                 ; Number      ;
+----------------------------+-------------+
; Number detected on machine ; 4           ;
; Maximum allowed            ; 2           ;
;                            ;             ;
; Average used               ; 1.00        ;
; Maximum used               ; 2           ;
;                            ;             ;
; Usage by Processor         ; % Time Used ;
;     Processor 1            ; 100.0%      ;
;     Processor 2            ;   0.0%      ;
+----------------------------+-------------+


+------------------------------------------------------------------------------------------------------------------------------------------+
; Analysis & Synthesis Source Files Read                                                                                                   ;
+----------------------------------+-----------------+------------------------+--------------------------------------------------+---------+
; File Name with User-Entered Path ; Used in Netlist ; File Type              ; File Name with Absolute Path                     ; Library ;
+----------------------------------+-----------------+------------------------+--------------------------------------------------+---------+
; AES.v                            ; yes             ; User Verilog HDL File  ; D:/Computer department/sem 2/Sim/AES.v           ;         ;
; ShiftRows_inv.v                  ; yes             ; User Verilog HDL File  ; D:/Computer department/sem 2/Sim/ShiftRows_inv.v ;         ;
; SevenSegment.v                   ; yes             ; User Verilog HDL File  ; D:/Computer department/sem 2/Sim/SevenSegment.v  ;         ;
; KeyExpansion.v                   ; yes             ; User Verilog HDL File  ; D:/Computer department/sem 2/Sim/KeyExpansion.v  ;         ;
; InvMix.v                         ; yes             ; User Verilog HDL File  ; D:/Computer department/sem 2/Sim/InvMix.v        ;         ;
; Decrypt.v                        ; yes             ; User Verilog HDL File  ; D:/Computer department/sem 2/Sim/Decrypt.v       ;         ;
; InvSubBytes.v                    ; yes             ; User Verilog HDL File  ; D:/Computer department/sem 2/Sim/InvSubBytes.v   ;         ;
; Round_Decrypt.v                  ; yes             ; User Verilog HDL File  ; D:/Computer department/sem 2/Sim/Round_Decrypt.v ;         ;
+----------------------------------+-----------------+------------------------+--------------------------------------------------+---------+


+---------------------------------------------------------+
; Analysis & Synthesis Resource Usage Summary             ;
+---------------------------------------------+-----------+
; Resource                                    ; Usage     ;
+---------------------------------------------+-----------+
; Estimate of Logic utilization (ALMs needed) ; 1074      ;
;                                             ;           ;
; Combinational ALUT usage for logic          ; 1353      ;
;     -- 7 input functions                    ; 21        ;
;     -- 6 input functions                    ; 772       ;
;     -- 5 input functions                    ; 206       ;
;     -- 4 input functions                    ; 147       ;
;     -- <=3 input functions                  ; 207       ;
;                                             ;           ;
; Dedicated logic registers                   ; 296       ;
;                                             ;           ;
; I/O pins                                    ; 25        ;
;                                             ;           ;
; Total DSP Blocks                            ; 0         ;
;                                             ;           ;
; Maximum fan-out node                        ; clk~input ;
; Maximum fan-out                             ; 296       ;
; Total fan-out                               ; 8145      ;
; Average fan-out                             ; 4.79      ;
+---------------------------------------------+-----------+


+------------------------------------------------------------------------------------------------------------------------------------------------------------------------------------------------------------+
; Analysis & Synthesis Resource Utilization by Entity                                                                                                                                                        ;
+----------------------------+---------------------+---------------------------+-------------------+------------+------+--------------+----------------------------------------+--------------+--------------+
; Compilation Hierarchy Node ; Combinational ALUTs ; Dedicated Logic Registers ; Block Memory Bits ; DSP Blocks ; Pins ; Virtual Pins ; Full Hierarchy Name                    ; Entity Name  ; Library Name ;
+----------------------------+---------------------+---------------------------+-------------------+------------+------+--------------+----------------------------------------+--------------+--------------+
; |aes                       ; 1353 (0)            ; 296 (0)                   ; 0                 ; 0          ; 25   ; 0            ; |aes                                   ; aes          ; work         ;
;    |decrypt:a|             ; 1353 (206)          ; 296 (264)                 ; 0                 ; 0          ; 0    ; 0            ; |aes|decrypt:a                         ; decrypt      ; work         ;
;       |Round:r|            ; 1121 (49)           ; 32 (32)                   ; 0                 ; 0          ; 0    ; 0            ; |aes|decrypt:a|Round:r                 ; Round        ; work         ;
;          |AddRoundKey:op1| ; 111 (111)           ; 0 (0)                     ; 0                 ; 0          ; 0    ; 0            ; |aes|decrypt:a|Round:r|AddRoundKey:op1 ; AddRoundKey  ; work         ;
;          |InvMix:op4|      ; 342 (342)           ; 0 (0)                     ; 0                 ; 0          ; 0    ; 0            ; |aes|decrypt:a|Round:r|InvMix:op4      ; InvMix       ; work         ;
;          |InvSubBytes:op2| ; 619 (619)           ; 0 (0)                     ; 0                 ; 0          ; 0    ; 0            ; |aes|decrypt:a|Round:r|InvSubBytes:op2 ; InvSubBytes  ; work         ;
;       |SevenSegment:show|  ; 26 (26)             ; 0 (0)                     ; 0                 ; 0          ; 0    ; 0            ; |aes|decrypt:a|SevenSegment:show       ; SevenSegment ; work         ;
+----------------------------+---------------------+---------------------------+-------------------+------------+------+--------------+----------------------------------------+--------------+--------------+
Note: For table entries with two numbers listed, the numbers in parentheses indicate the number of resources of the given type used by the specific entity alone. The numbers listed outside of parentheses indicate the total resources of the given type used by the specific entity and all of its sub-entities in the hierarchy.


+----------------------------------------------------------------------------------+
; Registers Removed During Synthesis                                               ;
+----------------------------------------+-----------------------------------------+
; Register name                          ; Reason for Removal                      ;
+----------------------------------------+-----------------------------------------+
; decrypt:a|count[31]                    ; Merged with decrypt:a|Round:r|count[31] ;
; decrypt:a|count[0]                     ; Merged with decrypt:a|Round:r|count[0]  ;
; decrypt:a|count[30]                    ; Merged with decrypt:a|Round:r|count[30] ;
; decrypt:a|count[29]                    ; Merged with decrypt:a|Round:r|count[29] ;
; decrypt:a|count[28]                    ; Merged with decrypt:a|Round:r|count[28] ;
; decrypt:a|count[27]                    ; Merged with decrypt:a|Round:r|count[27] ;
; decrypt:a|count[26]                    ; Merged with decrypt:a|Round:r|count[26] ;
; decrypt:a|count[25]                    ; Merged with decrypt:a|Round:r|count[25] ;
; decrypt:a|count[24]                    ; Merged with decrypt:a|Round:r|count[24] ;
; decrypt:a|count[23]                    ; Merged with decrypt:a|Round:r|count[23] ;
; decrypt:a|count[22]                    ; Merged with decrypt:a|Round:r|count[22] ;
; decrypt:a|count[21]                    ; Merged with decrypt:a|Round:r|count[21] ;
; decrypt:a|count[20]                    ; Merged with decrypt:a|Round:r|count[20] ;
; decrypt:a|count[19]                    ; Merged with decrypt:a|Round:r|count[19] ;
; decrypt:a|count[18]                    ; Merged with decrypt:a|Round:r|count[18] ;
; decrypt:a|count[17]                    ; Merged with decrypt:a|Round:r|count[17] ;
; decrypt:a|count[16]                    ; Merged with decrypt:a|Round:r|count[16] ;
; decrypt:a|count[15]                    ; Merged with decrypt:a|Round:r|count[15] ;
; decrypt:a|count[14]                    ; Merged with decrypt:a|Round:r|count[14] ;
; decrypt:a|count[13]                    ; Merged with decrypt:a|Round:r|count[13] ;
; decrypt:a|count[12]                    ; Merged with decrypt:a|Round:r|count[12] ;
; decrypt:a|count[11]                    ; Merged with decrypt:a|Round:r|count[11] ;
; decrypt:a|count[10]                    ; Merged with decrypt:a|Round:r|count[10] ;
; decrypt:a|count[9]                     ; Merged with decrypt:a|Round:r|count[9]  ;
; decrypt:a|count[8]                     ; Merged with decrypt:a|Round:r|count[8]  ;
; decrypt:a|count[7]                     ; Merged with decrypt:a|Round:r|count[7]  ;
; decrypt:a|count[6]                     ; Merged with decrypt:a|Round:r|count[6]  ;
; decrypt:a|count[5]                     ; Merged with decrypt:a|Round:r|count[5]  ;
; decrypt:a|count[1]                     ; Merged with decrypt:a|Round:r|count[1]  ;
; decrypt:a|count[4]                     ; Merged with decrypt:a|Round:r|count[4]  ;
; decrypt:a|count[3]                     ; Merged with decrypt:a|Round:r|count[3]  ;
; decrypt:a|count[2]                     ; Merged with decrypt:a|Round:r|count[2]  ;
; Total Number of Removed Registers = 32 ;                                         ;
+----------------------------------------+-----------------------------------------+


+------------------------------------------------------+
; General Register Statistics                          ;
+----------------------------------------------+-------+
; Statistic                                    ; Value ;
+----------------------------------------------+-------+
; Total registers                              ; 296   ;
; Number of registers using Synchronous Clear  ; 124   ;
; Number of registers using Synchronous Load   ; 189   ;
; Number of registers using Asynchronous Clear ; 0     ;
; Number of registers using Asynchronous Load  ; 0     ;
; Number of registers using Clock Enable       ; 264   ;
; Number of registers using Preset             ; 0     ;
+----------------------------------------------+-------+


+--------------------------------------------------+
; Inverted Register Statistics                     ;
+----------------------------------------+---------+
; Inverted Register                      ; Fan out ;
+----------------------------------------+---------+
; decrypt:a|Round:r|count[0]             ; 134     ;
; Total number of inverted registers = 1 ;         ;
+----------------------------------------+---------+


+-----------------------------------------------------------------------------------------------------------------------------------------------------+
; Multiplexer Restructuring Statistics (Restructuring Performed)                                                                                      ;
+--------------------+-----------+---------------+----------------------+------------------------+------------+---------------------------------------+
; Multiplexer Inputs ; Bus Width ; Baseline Area ; Area if Restructured ; Saving if Restructured ; Registered ; Example Multiplexer Output            ;
+--------------------+-----------+---------------+----------------------+------------------------+------------+---------------------------------------+
; 3:1                ; 72 bits   ; 144 LEs       ; 72 LEs               ; 72 LEs                 ; Yes        ; |aes|decrypt:a|temp_key[107]          ;
; 3:1                ; 64 bits   ; 128 LEs       ; 0 LEs                ; 128 LEs                ; Yes        ; |aes|decrypt:a|temp_key[37]           ;
; 4:1                ; 60 bits   ; 120 LEs       ; 120 LEs              ; 0 LEs                  ; Yes        ; |aes|decrypt:a|temp_in[60]            ;
; 4:1                ; 60 bits   ; 120 LEs       ; 0 LEs                ; 120 LEs                ; Yes        ; |aes|decrypt:a|temp_in[70]            ;
; 3:1                ; 2 bits    ; 4 LEs         ; 4 LEs                ; 0 LEs                  ; No         ; |aes|decrypt:a|SevenSegment:show|H[4] ;
; 5:1                ; 2 bits    ; 6 LEs         ; 6 LEs                ; 0 LEs                  ; No         ; |aes|decrypt:a|SevenSegment:show|O[5] ;
; 5:1                ; 2 bits    ; 6 LEs         ; 6 LEs                ; 0 LEs                  ; No         ; |aes|decrypt:a|SevenSegment:show|T[5] ;
; 6:1                ; 3 bits    ; 12 LEs        ; 12 LEs               ; 0 LEs                  ; No         ; |aes|decrypt:a|SevenSegment:show|O[0] ;
; 6:1                ; 3 bits    ; 12 LEs        ; 12 LEs               ; 0 LEs                  ; No         ; |aes|decrypt:a|SevenSegment:show|T[0] ;
+--------------------+-----------+---------------+----------------------+------------------------+------------+---------------------------------------+


+-------------------------------------------------------------+
; Parameter Settings for User Entity Instance: KeyExpansion:c ;
+----------------+-------+------------------------------------+
; Parameter Name ; Value ; Type                               ;
+----------------+-------+------------------------------------+
; Nk             ; 8     ; Signed Integer                     ;
; nr             ; 14    ; Signed Integer                     ;
+----------------+-------+------------------------------------+
Note: In order to hide this table in the UI and the text report file, please set the "Show Parameter Settings in Synthesis Report" option in "Analysis and Synthesis Settings -> More Settings" to "Off".


+------------------------------------------------------------------------------------------------------------------------+
; Port Connectivity Checks: "decrypt:a"                                                                                  ;
+--------------+--------+----------+-------------------------------------------------------------------------------------+
; Port         ; Type   ; Severity ; Details                                                                             ;
+--------------+--------+----------+-------------------------------------------------------------------------------------+
; in[125..124] ; Input  ; Info     ; Stuck at VCC                                                                        ;
; in[113..108] ; Input  ; Info     ; Stuck at VCC                                                                        ;
; in[106..105] ; Input  ; Info     ; Stuck at VCC                                                                        ;
; in[84..83]   ; Input  ; Info     ; Stuck at VCC                                                                        ;
; in[77..76]   ; Input  ; Info     ; Stuck at VCC                                                                        ;
; in[67..66]   ; Input  ; Info     ; Stuck at VCC                                                                        ;
; in[61..60]   ; Input  ; Info     ; Stuck at VCC                                                                        ;
; in[53..52]   ; Input  ; Info     ; Stuck at VCC                                                                        ;
; in[48..47]   ; Input  ; Info     ; Stuck at VCC                                                                        ;
; in[44..43]   ; Input  ; Info     ; Stuck at VCC                                                                        ;
; in[31..29]   ; Input  ; Info     ; Stuck at VCC                                                                        ;
; in[21..20]   ; Input  ; Info     ; Stuck at VCC                                                                        ;
; in[18..16]   ; Input  ; Info     ; Stuck at VCC                                                                        ;
; in[10..8]    ; Input  ; Info     ; Stuck at VCC                                                                        ;
; in[5..4]     ; Input  ; Info     ; Stuck at VCC                                                                        ;
; in[127..126] ; Input  ; Info     ; Stuck at GND                                                                        ;
; in[123..122] ; Input  ; Info     ; Stuck at GND                                                                        ;
; in[120..119] ; Input  ; Info     ; Stuck at GND                                                                        ;
; in[117..114] ; Input  ; Info     ; Stuck at GND                                                                        ;
; in[98..96]   ; Input  ; Info     ; Stuck at GND                                                                        ;
; in[94..92]   ; Input  ; Info     ; Stuck at GND                                                                        ;
; in[90..87]   ; Input  ; Info     ; Stuck at GND                                                                        ;
; in[80..78]   ; Input  ; Info     ; Stuck at GND                                                                        ;
; in[75..72]   ; Input  ; Info     ; Stuck at GND                                                                        ;
; in[70..68]   ; Input  ; Info     ; Stuck at GND                                                                        ;
; in[63..62]   ; Input  ; Info     ; Stuck at GND                                                                        ;
; in[59..57]   ; Input  ; Info     ; Stuck at GND                                                                        ;
; in[55..54]   ; Input  ; Info     ; Stuck at GND                                                                        ;
; in[51..49]   ; Input  ; Info     ; Stuck at GND                                                                        ;
; in[46..45]   ; Input  ; Info     ; Stuck at GND                                                                        ;
; in[42..40]   ; Input  ; Info     ; Stuck at GND                                                                        ;
; in[36..34]   ; Input  ; Info     ; Stuck at GND                                                                        ;
; in[28..22]   ; Input  ; Info     ; Stuck at GND                                                                        ;
; in[15..11]   ; Input  ; Info     ; Stuck at GND                                                                        ;
; in[7..6]     ; Input  ; Info     ; Stuck at GND                                                                        ;
; in[1..0]     ; Input  ; Info     ; Stuck at GND                                                                        ;
; in[121]      ; Input  ; Info     ; Stuck at VCC                                                                        ;
; in[118]      ; Input  ; Info     ; Stuck at VCC                                                                        ;
; in[107]      ; Input  ; Info     ; Stuck at GND                                                                        ;
; in[104]      ; Input  ; Info     ; Stuck at GND                                                                        ;
; in[103]      ; Input  ; Info     ; Stuck at VCC                                                                        ;
; in[102]      ; Input  ; Info     ; Stuck at GND                                                                        ;
; in[101]      ; Input  ; Info     ; Stuck at VCC                                                                        ;
; in[100]      ; Input  ; Info     ; Stuck at GND                                                                        ;
; in[99]       ; Input  ; Info     ; Stuck at VCC                                                                        ;
; in[95]       ; Input  ; Info     ; Stuck at VCC                                                                        ;
; in[91]       ; Input  ; Info     ; Stuck at VCC                                                                        ;
; in[86]       ; Input  ; Info     ; Stuck at VCC                                                                        ;
; in[85]       ; Input  ; Info     ; Stuck at GND                                                                        ;
; in[82]       ; Input  ; Info     ; Stuck at GND                                                                        ;
; in[81]       ; Input  ; Info     ; Stuck at VCC                                                                        ;
; in[71]       ; Input  ; Info     ; Stuck at VCC                                                                        ;
; in[65]       ; Input  ; Info     ; Stuck at GND                                                                        ;
; in[64]       ; Input  ; Info     ; Stuck at VCC                                                                        ;
; in[56]       ; Input  ; Info     ; Stuck at VCC                                                                        ;
; in[39]       ; Input  ; Info     ; Stuck at VCC                                                                        ;
; in[38]       ; Input  ; Info     ; Stuck at GND                                                                        ;
; in[37]       ; Input  ; Info     ; Stuck at VCC                                                                        ;
; in[33]       ; Input  ; Info     ; Stuck at VCC                                                                        ;
; in[32]       ; Input  ; Info     ; Stuck at GND                                                                        ;
; in[19]       ; Input  ; Info     ; Stuck at GND                                                                        ;
; in[3]        ; Input  ; Info     ; Stuck at GND                                                                        ;
; in[2]        ; Input  ; Info     ; Stuck at VCC                                                                        ;
; out          ; Output ; Info     ; Connected to dangling logic. Logic that only feeds a dangling port will be removed. ;
+--------------+--------+----------+-------------------------------------------------------------------------------------+


+-------------------------------------------------+
; Port Connectivity Checks: "KeyExpansion:c"      ;
+---------------+-------+----------+--------------+
; Port          ; Type  ; Severity ; Details      ;
+---------------+-------+----------+--------------+
; key[1..2]     ; Input ; Info     ; Stuck at VCC ;
; key[10..13]   ; Input ; Info     ; Stuck at VCC ;
; key[15..18]   ; Input ; Info     ; Stuck at VCC ;
; key[22..23]   ; Input ; Info     ; Stuck at VCC ;
; key[39..41]   ; Input ; Info     ; Stuck at VCC ;
; key[49..51]   ; Input ; Info     ; Stuck at VCC ;
; key[55..56]   ; Input ; Info     ; Stuck at VCC ;
; key[58..62]   ; Input ; Info     ; Stuck at VCC ;
; key[70..71]   ; Input ; Info     ; Stuck at VCC ;
; key[73..75]   ; Input ; Info     ; Stuck at VCC ;
; key[78..80]   ; Input ; Info     ; Stuck at VCC ;
; key[84..86]   ; Input ; Info     ; Stuck at VCC ;
; key[88..91]   ; Input ; Info     ; Stuck at VCC ;
; key[105..109] ; Input ; Info     ; Stuck at VCC ;
; key[113..115] ; Input ; Info     ; Stuck at VCC ;
; key[117..120] ; Input ; Info     ; Stuck at VCC ;
; key[131..135] ; Input ; Info     ; Stuck at VCC ;
; key[138..139] ; Input ; Info     ; Stuck at VCC ;
; key[148..149] ; Input ; Info     ; Stuck at VCC ;
; key[157..159] ; Input ; Info     ; Stuck at VCC ;
; key[162..164] ; Input ; Info     ; Stuck at VCC ;
; key[166..167] ; Input ; Info     ; Stuck at VCC ;
; key[169..170] ; Input ; Info     ; Stuck at VCC ;
; key[184..185] ; Input ; Info     ; Stuck at VCC ;
; key[189..191] ; Input ; Info     ; Stuck at VCC ;
; key[196..197] ; Input ; Info     ; Stuck at VCC ;
; key[199..200] ; Input ; Info     ; Stuck at VCC ;
; key[203..204] ; Input ; Info     ; Stuck at VCC ;
; key[222..223] ; Input ; Info     ; Stuck at VCC ;
; key[240..241] ; Input ; Info     ; Stuck at VCC ;
; key[243..251] ; Input ; Info     ; Stuck at VCC ;
; key[3..9]     ; Input ; Info     ; Stuck at GND ;
; key[24..26]   ; Input ; Info     ; Stuck at GND ;
; key[28..34]   ; Input ; Info     ; Stuck at GND ;
; key[42..43]   ; Input ; Info     ; Stuck at GND ;
; key[47..48]   ; Input ; Info     ; Stuck at GND ;
; key[52..54]   ; Input ; Info     ; Stuck at GND ;
; key[63..65]   ; Input ; Info     ; Stuck at GND ;
; key[76..77]   ; Input ; Info     ; Stuck at GND ;
; key[92..95]   ; Input ; Info     ; Stuck at GND ;
; key[97..100]  ; Input ; Info     ; Stuck at GND ;
; key[121..126] ; Input ; Info     ; Stuck at GND ;
; key[128..130] ; Input ; Info     ; Stuck at GND ;
; key[136..137] ; Input ; Info     ; Stuck at GND ;
; key[144..145] ; Input ; Info     ; Stuck at GND ;
; key[150..156] ; Input ; Info     ; Stuck at GND ;
; key[160..161] ; Input ; Info     ; Stuck at GND ;
; key[171..174] ; Input ; Info     ; Stuck at GND ;
; key[176..179] ; Input ; Info     ; Stuck at GND ;
; key[181..183] ; Input ; Info     ; Stuck at GND ;
; key[192..193] ; Input ; Info     ; Stuck at GND ;
; key[201..202] ; Input ; Info     ; Stuck at GND ;
; key[205..210] ; Input ; Info     ; Stuck at GND ;
; key[212..215] ; Input ; Info     ; Stuck at GND ;
; key[219..221] ; Input ; Info     ; Stuck at GND ;
; key[224..227] ; Input ; Info     ; Stuck at GND ;
; key[229..230] ; Input ; Info     ; Stuck at GND ;
; key[232..234] ; Input ; Info     ; Stuck at GND ;
; key[238..239] ; Input ; Info     ; Stuck at GND ;
; key[254..255] ; Input ; Info     ; Stuck at GND ;
; key[0]        ; Input ; Info     ; Stuck at GND ;
; key[14]       ; Input ; Info     ; Stuck at GND ;
; key[19]       ; Input ; Info     ; Stuck at GND ;
; key[20]       ; Input ; Info     ; Stuck at VCC ;
; key[21]       ; Input ; Info     ; Stuck at GND ;
; key[27]       ; Input ; Info     ; Stuck at VCC ;
; key[35]       ; Input ; Info     ; Stuck at VCC ;
; key[36]       ; Input ; Info     ; Stuck at GND ;
; key[37]       ; Input ; Info     ; Stuck at VCC ;
; key[38]       ; Input ; Info     ; Stuck at GND ;
; key[44]       ; Input ; Info     ; Stuck at VCC ;
; key[45]       ; Input ; Info     ; Stuck at GND ;
; key[46]       ; Input ; Info     ; Stuck at VCC ;
; key[57]       ; Input ; Info     ; Stuck at GND ;
; key[66]       ; Input ; Info     ; Stuck at VCC ;
; key[67]       ; Input ; Info     ; Stuck at GND ;
; key[68]       ; Input ; Info     ; Stuck at VCC ;
; key[69]       ; Input ; Info     ; Stuck at GND ;
; key[72]       ; Input ; Info     ; Stuck at GND ;
; key[81]       ; Input ; Info     ; Stuck at GND ;
; key[82]       ; Input ; Info     ; Stuck at VCC ;
; key[83]       ; Input ; Info     ; Stuck at GND ;
; key[87]       ; Input ; Info     ; Stuck at GND ;
; key[96]       ; Input ; Info     ; Stuck at VCC ;
; key[101]      ; Input ; Info     ; Stuck at VCC ;
; key[102]      ; Input ; Info     ; Stuck at GND ;
; key[103]      ; Input ; Info     ; Stuck at VCC ;
; key[104]      ; Input ; Info     ; Stuck at GND ;
; key[110]      ; Input ; Info     ; Stuck at GND ;
; key[111]      ; Input ; Info     ; Stuck at VCC ;
; key[112]      ; Input ; Info     ; Stuck at GND ;
; key[116]      ; Input ; Info     ; Stuck at GND ;
; key[127]      ; Input ; Info     ; Stuck at VCC ;
; key[140]      ; Input ; Info     ; Stuck at GND ;
; key[141]      ; Input ; Info     ; Stuck at VCC ;
; key[142]      ; Input ; Info     ; Stuck at GND ;
; key[143]      ; Input ; Info     ; Stuck at VCC ;
; key[146]      ; Input ; Info     ; Stuck at VCC ;
; key[147]      ; Input ; Info     ; Stuck at GND ;
; key[165]      ; Input ; Info     ; Stuck at GND ;
; key[168]      ; Input ; Info     ; Stuck at GND ;
; key[175]      ; Input ; Info     ; Stuck at VCC ;
; key[180]      ; Input ; Info     ; Stuck at VCC ;
; key[186]      ; Input ; Info     ; Stuck at GND ;
; key[187]      ; Input ; Info     ; Stuck at VCC ;
; key[188]      ; Input ; Info     ; Stuck at GND ;
; key[194]      ; Input ; Info     ; Stuck at VCC ;
; key[195]      ; Input ; Info     ; Stuck at GND ;
; key[198]      ; Input ; Info     ; Stuck at GND ;
; key[211]      ; Input ; Info     ; Stuck at VCC ;
; key[216]      ; Input ; Info     ; Stuck at VCC ;
; key[217]      ; Input ; Info     ; Stuck at GND ;
; key[218]      ; Input ; Info     ; Stuck at VCC ;
; key[228]      ; Input ; Info     ; Stuck at VCC ;
; key[231]      ; Input ; Info     ; Stuck at VCC ;
; key[235]      ; Input ; Info     ; Stuck at VCC ;
; key[236]      ; Input ; Info     ; Stuck at GND ;
; key[237]      ; Input ; Info     ; Stuck at VCC ;
; key[242]      ; Input ; Info     ; Stuck at GND ;
; key[252]      ; Input ; Info     ; Stuck at GND ;
; key[253]      ; Input ; Info     ; Stuck at VCC ;
+---------------+-------+----------+--------------+


+-----------------------------------------------------+
; Post-Synthesis Netlist Statistics for Top Partition ;
+-----------------------+-----------------------------+
; Type                  ; Count                       ;
+-----------------------+-----------------------------+
; arriav_ff             ; 296                         ;
;     ENA               ; 11                          ;
;     ENA SCLR          ; 64                          ;
;     ENA SCLR SLD      ; 60                          ;
;     ENA SLD           ; 129                         ;
;     plain             ; 32                          ;
; arriav_lcell_comb     ; 1356                        ;
;     arith             ; 31                          ;
;         1 data inputs ; 30                          ;
;         2 data inputs ; 1                           ;
;     extend            ; 21                          ;
;         7 data inputs ; 21                          ;
;     normal            ; 1304                        ;
;         0 data inputs ; 1                           ;
;         1 data inputs ; 3                           ;
;         2 data inputs ; 114                         ;
;         3 data inputs ; 61                          ;
;         4 data inputs ; 147                         ;
;         5 data inputs ; 206                         ;
;         6 data inputs ; 772                         ;
; boundary_port         ; 25                          ;
;                       ;                             ;
; Max LUT depth         ; 6.00                        ;
; Average LUT depth     ; 4.98                        ;
+-----------------------+-----------------------------+


+-------------------------------+
; Elapsed Time Per Partition    ;
+----------------+--------------+
; Partition Name ; Elapsed Time ;
+----------------+--------------+
; Top            ; 00:00:55     ;
+----------------+--------------+


+-------------------------------+
; Analysis & Synthesis Messages ;
+-------------------------------+
Info: *******************************************************************
Info: Running Quartus Prime Analysis & Synthesis
    Info: Version 23.1std.0 Build 991 11/28/2023 SC Lite Edition
    Info: Processing started: Fri May  3 00:45:24 2024
Info: Command: quartus_map --read_settings_files=on --write_settings_files=off Try -c Try
Warning (18236): Number of processors has not been specified which may cause overloading on shared machines.  Set the global assignment NUM_PARALLEL_PROCESSORS in your QSF to an appropriate value for best performance.
Info (20030): Parallel compilation is enabled and will use 2 of the 2 processors detected
Info (12021): Found 2 design units, including 2 entities, in source file aes.v
    Info (12023): Found entity 1: aes File: D:/Computer department/sem 2/Sim/AES.v Line: 1
    Info (12023): Found entity 2: Test File: D:/Computer department/sem 2/Sim/AES.v Line: 27
Info (12021): Found 1 design units, including 1 entities, in source file shiftrows_inv.v
    Info (12023): Found entity 1: ShiftRows_inv File: D:/Computer department/sem 2/Sim/ShiftRows_inv.v Line: 1
Info (12021): Found 1 design units, including 1 entities, in source file shiftrows.v
    Info (12023): Found entity 1: ShiftRows File: D:/Computer department/sem 2/Sim/ShiftRows.v Line: 1
Info (12021): Found 1 design units, including 1 entities, in source file sevensegment.v
    Info (12023): Found entity 1: SevenSegment File: D:/Computer department/sem 2/Sim/SevenSegment.v Line: 1
Info (12021): Found 1 design units, including 1 entities, in source file mixcolumns.v
    Info (12023): Found entity 1: MixColumns File: D:/Computer department/sem 2/Sim/MixColumns.v Line: 1
Info (12021): Found 2 design units, including 2 entities, in source file keyexpansion.v
    Info (12023): Found entity 1: AddRoundKey File: D:/Computer department/sem 2/Sim/KeyExpansion.v Line: 1
    Info (12023): Found entity 2: KeyExpansion File: D:/Computer department/sem 2/Sim/KeyExpansion.v Line: 6
Info (12021): Found 1 design units, including 1 entities, in source file invmix.v
    Info (12023): Found entity 1: InvMix File: D:/Computer department/sem 2/Sim/InvMix.v Line: 1
Info (12021): Found 1 design units, including 1 entities, in source file encrypt.v
    Info (12023): Found entity 1: encrypt File: D:/Computer department/sem 2/Sim/Encrypt.v Line: 1
Info (12021): Found 1 design units, including 1 entities, in source file decrypt.v
    Info (12023): Found entity 1: decrypt File: D:/Computer department/sem 2/Sim/Decrypt.v Line: 1
Info (12021): Found 1 design units, including 1 entities, in source file subbytes.v
    Info (12023): Found entity 1: SubBytes File: D:/Computer department/sem 2/Sim/SubBytes.v Line: 1
Info (12021): Found 1 design units, including 1 entities, in source file invsubbytes.v
    Info (12023): Found entity 1: InvSubBytes File: D:/Computer department/sem 2/Sim/InvSubBytes.v Line: 1
Info (12021): Found 1 design units, including 1 entities, in source file round_decrypt.v
    Info (12023): Found entity 1: Round File: D:/Computer department/sem 2/Sim/Round_Decrypt.v Line: 1
Info (12127): Elaborating entity "aes" for the top level hierarchy
Warning (10036): Verilog HDL or VHDL warning at AES.v(7): object "temp_encrypted" assigned a value but never read File: D:/Computer department/sem 2/Sim/AES.v Line: 7
Warning (10858): Verilog HDL warning at AES.v(8): object decrypted used but never assigned File: D:/Computer department/sem 2/Sim/AES.v Line: 8
Warning (10030): Net "decrypted" at AES.v(8) has no driver or initial value, using a default initial value '0' File: D:/Computer department/sem 2/Sim/AES.v Line: 8
Info (12128): Elaborating entity "KeyExpansion" for hierarchy "KeyExpansion:c" File: D:/Computer department/sem 2/Sim/AES.v Line: 13
Info (12128): Elaborating entity "decrypt" for hierarchy "decrypt:a" File: D:/Computer department/sem 2/Sim/AES.v Line: 14
Info (12128): Elaborating entity "Round" for hierarchy "decrypt:a|Round:r" File: D:/Computer department/sem 2/Sim/Decrypt.v Line: 42
Info (12128): Elaborating entity "ShiftRows_inv" for hierarchy "decrypt:a|Round:r|ShiftRows_inv:op3" File: D:/Computer department/sem 2/Sim/Round_Decrypt.v Line: 16
Info (12128): Elaborating entity "InvSubBytes" for hierarchy "decrypt:a|Round:r|InvSubBytes:op2" File: D:/Computer department/sem 2/Sim/Round_Decrypt.v Line: 17
Info (12128): Elaborating entity "AddRoundKey" for hierarchy "decrypt:a|Round:r|AddRoundKey:op1" File: D:/Computer department/sem 2/Sim/Round_Decrypt.v Line: 18
Info (12128): Elaborating entity "InvMix" for hierarchy "decrypt:a|Round:r|InvMix:op4" File: D:/Computer department/sem 2/Sim/Round_Decrypt.v Line: 19
Warning (10776): Verilog HDL warning at InvMix.v(20): variable product in static task or function product may have unintended latch behavior File: D:/Computer department/sem 2/Sim/InvMix.v Line: 20
Warning (10241): Verilog HDL Function Declaration warning at InvMix.v(20): function "product" may return a Don't Care value because its output register may not be assigned a value in every possible path through the function File: D:/Computer department/sem 2/Sim/InvMix.v Line: 20
Warning (10030): Net "product" at InvMix.v(20) has no driver or initial value, using a default initial value '0' File: D:/Computer department/sem 2/Sim/InvMix.v Line: 20
Info (12128): Elaborating entity "SevenSegment" for hierarchy "decrypt:a|SevenSegment:show" File: D:/Computer department/sem 2/Sim/Decrypt.v Line: 43
Warning (10230): Verilog HDL assignment warning at SevenSegment.v(52): truncated value with size 32 to match size of target (4) File: D:/Computer department/sem 2/Sim/SevenSegment.v Line: 52
Info (276014): Found 52 instances of uninferred RAM logic
    Info (276007): RAM logic "KeyExpansion:c|Ram0" is uninferred due to asynchronous read logic File: D:/Computer department/sem 2/Sim/KeyExpansion.v Line: 81
    Info (276007): RAM logic "KeyExpansion:c|Ram1" is uninferred due to asynchronous read logic File: D:/Computer department/sem 2/Sim/KeyExpansion.v Line: 81
    Info (276007): RAM logic "KeyExpansion:c|Ram2" is uninferred due to asynchronous read logic File: D:/Computer department/sem 2/Sim/KeyExpansion.v Line: 81
    Info (276007): RAM logic "KeyExpansion:c|Ram3" is uninferred due to asynchronous read logic File: D:/Computer department/sem 2/Sim/KeyExpansion.v Line: 81
    Info (276007): RAM logic "KeyExpansion:c|Ram4" is uninferred due to asynchronous read logic File: D:/Computer department/sem 2/Sim/KeyExpansion.v Line: 81
    Info (276007): RAM logic "KeyExpansion:c|Ram5" is uninferred due to asynchronous read logic File: D:/Computer department/sem 2/Sim/KeyExpansion.v Line: 81
    Info (276007): RAM logic "KeyExpansion:c|Ram6" is uninferred due to asynchronous read logic File: D:/Computer department/sem 2/Sim/KeyExpansion.v Line: 81
    Info (276007): RAM logic "KeyExpansion:c|Ram7" is uninferred due to asynchronous read logic File: D:/Computer department/sem 2/Sim/KeyExpansion.v Line: 81
    Info (276007): RAM logic "KeyExpansion:c|Ram8" is uninferred due to asynchronous read logic File: D:/Computer department/sem 2/Sim/KeyExpansion.v Line: 81
    Info (276007): RAM logic "KeyExpansion:c|Ram9" is uninferred due to asynchronous read logic File: D:/Computer department/sem 2/Sim/KeyExpansion.v Line: 81
    Info (276007): RAM logic "KeyExpansion:c|Ram10" is uninferred due to asynchronous read logic File: D:/Computer department/sem 2/Sim/KeyExpansion.v Line: 81
    Info (276007): RAM logic "KeyExpansion:c|Ram11" is uninferred due to asynchronous read logic File: D:/Computer department/sem 2/Sim/KeyExpansion.v Line: 81
    Info (276007): RAM logic "KeyExpansion:c|Ram12" is uninferred due to asynchronous read logic File: D:/Computer department/sem 2/Sim/KeyExpansion.v Line: 81
    Info (276007): RAM logic "KeyExpansion:c|Ram13" is uninferred due to asynchronous read logic File: D:/Computer department/sem 2/Sim/KeyExpansion.v Line: 81
    Info (276007): RAM logic "KeyExpansion:c|Ram14" is uninferred due to asynchronous read logic File: D:/Computer department/sem 2/Sim/KeyExpansion.v Line: 81
    Info (276007): RAM logic "KeyExpansion:c|Ram15" is uninferred due to asynchronous read logic File: D:/Computer department/sem 2/Sim/KeyExpansion.v Line: 81
    Info (276007): RAM logic "KeyExpansion:c|Ram16" is uninferred due to asynchronous read logic File: D:/Computer department/sem 2/Sim/KeyExpansion.v Line: 81
    Info (276007): RAM logic "KeyExpansion:c|Ram17" is uninferred due to asynchronous read logic File: D:/Computer department/sem 2/Sim/KeyExpansion.v Line: 81
    Info (276007): RAM logic "KeyExpansion:c|Ram18" is uninferred due to asynchronous read logic File: D:/Computer department/sem 2/Sim/KeyExpansion.v Line: 81
    Info (276007): RAM logic "KeyExpansion:c|Ram19" is uninferred due to asynchronous read logic File: D:/Computer department/sem 2/Sim/KeyExpansion.v Line: 81
    Info (276007): RAM logic "KeyExpansion:c|Ram20" is uninferred due to asynchronous read logic File: D:/Computer department/sem 2/Sim/KeyExpansion.v Line: 81
    Info (276007): RAM logic "KeyExpansion:c|Ram21" is uninferred due to asynchronous read logic File: D:/Computer department/sem 2/Sim/KeyExpansion.v Line: 81
    Info (276007): RAM logic "KeyExpansion:c|Ram22" is uninferred due to asynchronous read logic File: D:/Computer department/sem 2/Sim/KeyExpansion.v Line: 81
    Info (276007): RAM logic "KeyExpansion:c|Ram23" is uninferred due to asynchronous read logic File: D:/Computer department/sem 2/Sim/KeyExpansion.v Line: 81
    Info (276007): RAM logic "KeyExpansion:c|Ram24" is uninferred due to asynchronous read logic File: D:/Computer department/sem 2/Sim/KeyExpansion.v Line: 81
    Info (276007): RAM logic "KeyExpansion:c|Ram25" is uninferred due to asynchronous read logic File: D:/Computer department/sem 2/Sim/KeyExpansion.v Line: 81
    Info (276007): RAM logic "KeyExpansion:c|Ram26" is uninferred due to asynchronous read logic File: D:/Computer department/sem 2/Sim/KeyExpansion.v Line: 81
    Info (276007): RAM logic "KeyExpansion:c|Ram27" is uninferred due to asynchronous read logic File: D:/Computer department/sem 2/Sim/KeyExpansion.v Line: 81
    Info (276007): RAM logic "KeyExpansion:c|Ram28" is uninferred due to asynchronous read logic File: D:/Computer department/sem 2/Sim/KeyExpansion.v Line: 81
    Info (276007): RAM logic "KeyExpansion:c|Ram29" is uninferred due to asynchronous read logic File: D:/Computer department/sem 2/Sim/KeyExpansion.v Line: 81
    Info (276007): RAM logic "KeyExpansion:c|Ram30" is uninferred due to asynchronous read logic File: D:/Computer department/sem 2/Sim/KeyExpansion.v Line: 81
    Info (276007): RAM logic "KeyExpansion:c|Ram31" is uninferred due to asynchronous read logic File: D:/Computer department/sem 2/Sim/KeyExpansion.v Line: 81
    Info (276007): RAM logic "KeyExpansion:c|Ram32" is uninferred due to asynchronous read logic File: D:/Computer department/sem 2/Sim/KeyExpansion.v Line: 81
    Info (276007): RAM logic "KeyExpansion:c|Ram33" is uninferred due to asynchronous read logic File: D:/Computer department/sem 2/Sim/KeyExpansion.v Line: 81
    Info (276007): RAM logic "KeyExpansion:c|Ram34" is uninferred due to asynchronous read logic File: D:/Computer department/sem 2/Sim/KeyExpansion.v Line: 81
    Info (276007): RAM logic "KeyExpansion:c|Ram35" is uninferred due to asynchronous read logic File: D:/Computer department/sem 2/Sim/KeyExpansion.v Line: 81
    Info (276007): RAM logic "KeyExpansion:c|Ram36" is uninferred due to asynchronous read logic File: D:/Computer department/sem 2/Sim/KeyExpansion.v Line: 81
    Info (276007): RAM logic "KeyExpansion:c|Ram37" is uninferred due to asynchronous read logic File: D:/Computer department/sem 2/Sim/KeyExpansion.v Line: 81
    Info (276007): RAM logic "KeyExpansion:c|Ram38" is uninferred due to asynchronous read logic File: D:/Computer department/sem 2/Sim/KeyExpansion.v Line: 81
    Info (276007): RAM logic "KeyExpansion:c|Ram39" is uninferred due to asynchronous read logic File: D:/Computer department/sem 2/Sim/KeyExpansion.v Line: 81
    Info (276007): RAM logic "KeyExpansion:c|Ram40" is uninferred due to asynchronous read logic File: D:/Computer department/sem 2/Sim/KeyExpansion.v Line: 81
    Info (276007): RAM logic "KeyExpansion:c|Ram41" is uninferred due to asynchronous read logic File: D:/Computer department/sem 2/Sim/KeyExpansion.v Line: 81
    Info (276007): RAM logic "KeyExpansion:c|Ram42" is uninferred due to asynchronous read logic File: D:/Computer department/sem 2/Sim/KeyExpansion.v Line: 81
    Info (276007): RAM logic "KeyExpansion:c|Ram43" is uninferred due to asynchronous read logic File: D:/Computer department/sem 2/Sim/KeyExpansion.v Line: 81
    Info (276007): RAM logic "KeyExpansion:c|Ram44" is uninferred due to asynchronous read logic File: D:/Computer department/sem 2/Sim/KeyExpansion.v Line: 81
    Info (276007): RAM logic "KeyExpansion:c|Ram45" is uninferred due to asynchronous read logic File: D:/Computer department/sem 2/Sim/KeyExpansion.v Line: 81
    Info (276007): RAM logic "KeyExpansion:c|Ram46" is uninferred due to asynchronous read logic File: D:/Computer department/sem 2/Sim/KeyExpansion.v Line: 81
    Info (276007): RAM logic "KeyExpansion:c|Ram47" is uninferred due to asynchronous read logic File: D:/Computer department/sem 2/Sim/KeyExpansion.v Line: 81
    Info (276007): RAM logic "KeyExpansion:c|Ram48" is uninferred due to asynchronous read logic File: D:/Computer department/sem 2/Sim/KeyExpansion.v Line: 81
    Info (276007): RAM logic "KeyExpansion:c|Ram49" is uninferred due to asynchronous read logic File: D:/Computer department/sem 2/Sim/KeyExpansion.v Line: 81
    Info (276007): RAM logic "KeyExpansion:c|Ram50" is uninferred due to asynchronous read logic File: D:/Computer department/sem 2/Sim/KeyExpansion.v Line: 81
    Info (276007): RAM logic "KeyExpansion:c|Ram51" is uninferred due to asynchronous read logic File: D:/Computer department/sem 2/Sim/KeyExpansion.v Line: 81
Warning (13024): Output pins are stuck at VCC or GND
    Warning (13410): Pin "HEX3[1]" is stuck at GND File: D:/Computer department/sem 2/Sim/AES.v Line: 1
    Warning (13410): Pin "check" is stuck at GND File: D:/Computer department/sem 2/Sim/AES.v Line: 1
Info (286030): Timing-Driven Synthesis is running
Info (144001): Generated suppressed messages file D:/Computer department/sem 2/Sim/output_files/Try.map.smsg
Info (16010): Generating hard_block partition "hard_block:auto_generated_inst"
    Info (16011): Adding 0 node(s), including 0 DDIO, 0 PLL, 0 transceiver and 0 LCELL
Info (21057): Implemented 1388 device resources after synthesis - the final resource count might be different
    Info (21058): Implemented 3 input pins
    Info (21059): Implemented 22 output pins
    Info (21061): Implemented 1363 logic cells
Info: Quartus Prime Analysis & Synthesis was successful. 0 errors, 11 warnings
    Info: Peak virtual memory: 4849 megabytes
    Info: Processing ended: Fri May  3 00:46:44 2024
    Info: Elapsed time: 00:01:20
    Info: Total CPU time (on all processors): 00:00:50


+------------------------------------------+
; Analysis & Synthesis Suppressed Messages ;
+------------------------------------------+
The suppressed messages can be found in D:/Computer department/sem 2/Sim/output_files/Try.map.smsg.


